
  [38;5;208m🔥 [1mfirecrawl[0m [2mcli[0m [2mv1.19.27[0m

  [32m●[0m Authenticated [2mvia stored credentials[0m
  [2mConcurrency:[0m 0/2 jobs [2m(parallel scrape limit)[0m
  [2mCredits:[0m 245 / 1,000 [2m(25% left this cycle)[0m
  [2m.firecrawl:[0m present [2m- 0 sites[0m
  [2m.gitignore:[0m missing [2m- add .firecrawl/ to ignore cache[0m
  [2mSearch feedback:[0m [31mdisabled[0m [2m(FIRECRAWL_NO_SEARCH_FEEDBACK is set)[0m

Usage: firecrawl search [options] <query>

Search the web using Firecrawl

Arguments:
  query                       Search query

Options:
  --limit <number>            Maximum number of results (default: 5, max: 100)
  --sources <sources>         Comma-separated sources to search: web, images,
                              news (default: web)
  --categories <categories>   Comma-separated categories to filter: github,
                              research, pdf
  --tbs <value>               Time-based search: qdr:h (hour), qdr:d (day),
                              qdr:w (week), qdr:m (month), qdr:y (year)
  --location <location>       Location for geo-targeting (e.g., "Germany", "San
                              Francisco,California,United States")
  --country <code>            ISO country code for geo-targeting (default: US)
  --timeout <ms>              Timeout in milliseconds (default: 60000)
  --ignore-invalid-urls       Exclude URLs invalid for other Firecrawl endpoints
                              (default: false)
  --highlights                Return query-relevant highlights for each search
                              result
  --no-highlights             Keep the original search snippets instead of
                              returning highlights
  --scrape                    Enable scraping of search results (default: false)
  --scrape-formats <formats>  Comma-separated scrape formats when --scrape is
                              enabled: markdown, html, rawHtml, links, etc.
                              (default: markdown)
  --only-main-content         Include only main content when scraping (default:
                              true)
  -k, --api-key <key>         Firecrawl API key (overrides global --api-key)
  --api-url <url>             API URL (overrides global --api-url)
  -o, --output <path>         Output file path (default: stdout)
  --json                      Output as compact JSON (default: false)
  -h, --help                  display help for command
