commit 8ac40b023e0a49f55cdd5b599841ea46d0503ec9
Author:     Mikkel Denker <mikkel@linknord.com>
AuthorDate: Mon Mar 24 09:42:40 2025 +0100
Commit:     Mikkel Denker <mikkel@linknord.com>
CommitDate: Mon Mar 24 09:42:40 2025 +0100

    update funding note
1309
false
stable-aarch64-apple-darwin (active, default)
1.95.0-aarch64-apple-darwin
1.98.0-aarch64-apple-darwin
rustc 1.95.0 (59807616e 2026-04-14)
rustc 1.98.0 (88d9e12ae 2026-08-18)
Client:
 Version:           29.3.1
 API version:       1.54
 Go version:        go1.25.8
 Git commit:        c2be9cc
 Built:             Wed Mar 25 16:12:49 2026
 OS/Arch:           darwin/arm64
 Context:           desktop-linux

Server: Docker Desktop 4.67.0 (222858)
 Engine:
  Version:          29.3.1
  API version:      1.54 (minimum version 1.40)
  Go version:       go1.25.8
  Git commit:       f78c987
  Built:            Wed Mar 25 16:14:30 2026
  OS/Arch:          linux/arm64
  Experimental:     false
 containerd:
  Version:          v2.2.1
  GitCommit:        dea7da592f5d1d2b7755e3a161be07f43fad8f75
 runc:
  Version:          1.3.4
  GitCommit:        v1.3.4-0-gd6d73eb8
 docker-init:
  Version:          0.19.0
  GitCommit:        de40ad0
38654705664
14
Filesystem      Size    Used   Avail Capacity iused ifree %iused  Mounted on
/dev/disk3s5   926Gi   539Gi   349Gi    61%    7.8M  3.7G    0%   /System/Volumes/Data
/usr/bin/clang
