[1;33mwarning[0m[1m:[0m [1msome trace filter directives would enable traces that are disabled statically[0m
 [1;38;5;21m|[0m `stract::crawler=debug` would enable the DEBUG level for the `stract::crawler` target
 [1;38;5;21m=[0m [1mnote:[0m the static max level is `info`
 [1;38;5;21m=[0m [1mhelp:[0m to enable DEBUG logging, remove the `max_level_info` feature from the `tracing` crate
{"allowed":true,"crawl_delay_secs":null,"event":"robots_check","url":"https://www.apple.com/macbook-air/specs/"}
2026-09-09T20:15:02.916626Z  INFO stract::crawler::worker: Processing job: Domain("apple.com")
{"allowed":true,"crawl_delay_secs":null,"event":"robots_check","url":"https://store.arduino.cc/products/arduino-uno-rev3"}
2026-09-09T20:15:03.044693Z  INFO stract::crawler::worker: Processing job: Domain("arduino.cc")
{"allowed":true,"crawl_delay_secs":null,"event":"robots_check","url":"https://www.fairphone.com/en/fairphone-5/"}
2026-09-09T20:15:03.122625Z  INFO stract::crawler::worker: Processing job: Domain("fairphone.com")
{"allowed":true,"crawl_delay_secs":null,"event":"robots_check","url":"https://www.bipm.org/en/measurement-units/si-base-units"}
2026-09-09T20:15:03.692757Z  INFO stract::crawler::worker: Processing job: Domain("bipm.org")
{"event":"saved","number":1,"url":"https://www.apple.com/macbook-air/specs/"}
{"event":"saved","number":2,"url":"https://www.bipm.org/en/measurement-units/si-base-units"}
{"event":"saved","number":3,"url":"https://store.arduino.cc/products/arduino-uno-rev3"}
{"allowed":true,"crawl_delay_secs":10.0,"event":"robots_check","url":"https://frame.work/laptop13"}
2026-09-09T20:15:09.490545Z  INFO stract::crawler::worker: Processing job: Domain("frame.work")
{"allowed":true,"crawl_delay_secs":null,"event":"robots_check","url":"https://git-scm.com/docs/git-reset"}
2026-09-09T20:15:09.783629Z  INFO stract::crawler::worker: Processing job: Domain("git-scm.com")
{"allowed":true,"crawl_delay_secs":null,"event":"robots_check","url":"https://www.logitech.com/en-us/products/mice/mx-master-3s.910-006556.html"}
2026-09-09T20:15:10.560786Z  INFO stract::crawler::worker: Processing job: Domain("logitech.com")
{"allowed":true,"crawl_delay_secs":null,"event":"robots_check","url":"https://developer.mozilla.org/en-US/docs/Web/API/Fetch_API/Using_Fetch"}
{"allowed":true,"crawl_delay_secs":null,"event":"robots_check","url":"https://developer.mozilla.org/en-US/docs/Web/CSS/CSS_grid_layout/Basic_concepts_of_grid_layout"}
{"event":"saved","number":4,"url":"https://git-scm.com/docs/git-reset"}
{"allowed":true,"crawl_delay_secs":10.0,"event":"robots_check","url":"https://blog.mozilla.org/sumo/2026/08/19/firefox-new-release-cadence-and-what-to-expect/"}
{"allowed":true,"crawl_delay_secs":null,"event":"robots_check","url":"https://developer.mozilla.org/en-US/docs/Web/JavaScript/Guide"}
2026-09-09T20:15:13.613463Z  INFO stract::crawler::worker: Processing job: Domain("mozilla.org")
{"allowed":true,"crawl_delay_secs":null,"event":"robots_check","url":"https://science.nasa.gov/mercury/facts/"}
{"allowed":true,"crawl_delay_secs":null,"event":"robots_check","url":"https://science.nasa.gov/venus/facts/"}
{"allowed":true,"crawl_delay_secs":null,"event":"robots_check","url":"https://science.nasa.gov/moon/moon-phases/"}
{"allowed":true,"crawl_delay_secs":null,"event":"robots_check","url":"https://science.nasa.gov/missions/hubble/nasas-hubble-webb-find-far-out-solar-system-objects-remember-past/"}
{"allowed":true,"crawl_delay_secs":null,"event":"robots_check","url":"https://science.nasa.gov/missions/hubble/nasas-hubble-tracks-new-decagon-encircling-saturns-south-pole/"}
{"allowed":true,"crawl_delay_secs":null,"event":"robots_check","url":"https://science.nasa.gov/mars/facts/"}
{"allowed":true,"crawl_delay_secs":null,"event":"robots_check","url":"https://science.nasa.gov/jupiter/facts/"}
{"allowed":true,"crawl_delay_secs":null,"event":"robots_check","url":"https://science.nasa.gov/saturn/facts/"}
{"allowed":true,"crawl_delay_secs":null,"event":"robots_check","url":"https://science.nasa.gov/uranus/facts/"}
{"allowed":true,"crawl_delay_secs":null,"event":"robots_check","url":"https://science.nasa.gov/neptune/facts/"}
{"allowed":true,"crawl_delay_secs":null,"event":"robots_check","url":"https://science.nasa.gov/sun/facts/"}
{"allowed":true,"crawl_delay_secs":null,"event":"robots_check","url":"https://science.nasa.gov/moon/facts/"}
{"allowed":true,"crawl_delay_secs":null,"event":"robots_check","url":"https://science.nasa.gov/solar-system/"}
{"allowed":true,"crawl_delay_secs":null,"event":"robots_check","url":"https://science.nasa.gov/planets/"}
{"allowed":true,"crawl_delay_secs":null,"event":"robots_check","url":"https://science.nasa.gov/universe/"}
2026-09-09T20:15:15.213105Z  INFO stract::crawler::worker: Processing job: Domain("nasa.gov")
{"allowed":true,"crawl_delay_secs":null,"event":"robots_check","url":"https://www.nintendo.com/us/gaming-systems/switch/oled-model/"}
2026-09-09T20:15:15.813120Z  INFO stract::crawler::worker: Processing job: Domain("nintendo.com")
{"event":"saved","number":5,"url":"https://developer.mozilla.org/en-US/docs/Web/API/Fetch_API/Using_Fetch"}
{"event":"saved","number":6,"url":"https://science.nasa.gov/mercury/facts/"}
{"event":"saved","number":7,"url":"https://frame.work/laptop13"}
{"event":"saved","number":8,"url":"https://www.nintendo.com/us/gaming-systems/switch/oled-model/"}
{"allowed":true,"crawl_delay_secs":null,"event":"robots_check","url":"https://www.prusa3d.com/product/original-prusa-mk4s-3d-printer-5/"}
2026-09-09T20:15:23.871827Z  INFO stract::crawler::worker: Processing job: Domain("prusa3d.com")
{"event":"saved","number":9,"url":"https://science.nasa.gov/moon/moon-phases/"}
{"allowed":true,"crawl_delay_secs":null,"event":"robots_check","url":"https://www.postgresql.org/docs/current/tutorial-table.html"}
2026-09-09T20:15:25.205322Z  INFO stract::crawler::worker: Processing job: Domain("postgresql.org")
{"event":"saved","number":10,"url":"https://science.nasa.gov/missions/hubble/nasas-hubble-webb-find-far-out-solar-system-objects-remember-past/"}
{"event":"saved","number":11,"url":"https://www.prusa3d.com/product/original-prusa-mk4s-3d-printer-5/"}
{"event":"saved","number":12,"url":"https://www.postgresql.org/docs/current/tutorial-table.html"}
{"event":"saved","number":13,"url":"https://blog.mozilla.org/sumo/2026/08/19/firefox-new-release-cadence-and-what-to-expect/"}
{"event":"saved","number":14,"url":"https://science.nasa.gov/missions/hubble/nasas-hubble-tracks-new-decagon-encircling-saturns-south-pole/"}
{"allowed":true,"crawl_delay_secs":null,"event":"robots_check","url":"https://docs.python.org/3/library/venv.html"}
{"allowed":true,"crawl_delay_secs":null,"event":"robots_check","url":"https://docs.python.org/3/library/json.html"}
{"allowed":true,"crawl_delay_secs":null,"event":"robots_check","url":"https://docs.python.org/3/library/subprocess.html"}
{"allowed":true,"crawl_delay_secs":null,"event":"robots_check","url":"https://docs.python.org/3/library/pathlib.html"}
{"allowed":true,"crawl_delay_secs":null,"event":"robots_check","url":"https://docs.python.org/3/library/csv.html"}
{"allowed":true,"crawl_delay_secs":null,"event":"robots_check","url":"https://docs.python.org/3/library/sqlite3.html"}
{"allowed":true,"crawl_delay_secs":null,"event":"robots_check","url":"https://docs.python.org/3/library/argparse.html"}
{"allowed":true,"crawl_delay_secs":null,"event":"robots_check","url":"https://docs.python.org/3/library/asyncio.html"}
{"allowed":true,"crawl_delay_secs":null,"event":"robots_check","url":"https://docs.python.org/3/library/concurrent.futures.html"}
{"allowed":true,"crawl_delay_secs":null,"event":"robots_check","url":"https://docs.python.org/3/library/threading.html"}
{"allowed":true,"crawl_delay_secs":null,"event":"robots_check","url":"https://docs.python.org/3/library/multiprocessing.html"}
{"allowed":true,"crawl_delay_secs":null,"event":"robots_check","url":"https://docs.python.org/3/library/datetime.html"}
{"allowed":true,"crawl_delay_secs":null,"event":"robots_check","url":"https://docs.python.org/3/library/zoneinfo.html"}
{"allowed":true,"crawl_delay_secs":null,"event":"robots_check","url":"https://docs.python.org/3/library/time.html"}
{"allowed":true,"crawl_delay_secs":null,"event":"robots_check","url":"https://docs.python.org/3/library/math.html"}
{"allowed":true,"crawl_delay_secs":null,"event":"robots_check","url":"https://docs.python.org/3/library/statistics.html"}
{"allowed":true,"crawl_delay_secs":null,"event":"robots_check","url":"https://docs.python.org/3/library/random.html"}
{"allowed":true,"crawl_delay_secs":null,"event":"robots_check","url":"https://docs.python.org/3/library/secrets.html"}
{"allowed":true,"crawl_delay_secs":null,"event":"robots_check","url":"https://docs.python.org/3/library/hashlib.html"}
{"allowed":true,"crawl_delay_secs":null,"event":"robots_check","url":"https://docs.python.org/3/library/hmac.html"}
{"allowed":true,"crawl_delay_secs":null,"event":"robots_check","url":"https://docs.python.org/3/library/ssl.html"}
{"allowed":true,"crawl_delay_secs":null,"event":"robots_check","url":"https://docs.python.org/3/library/http.client.html"}
{"allowed":true,"crawl_delay_secs":null,"event":"robots_check","url":"https://docs.python.org/3/library/urllib.request.html"}
{"allowed":true,"crawl_delay_secs":null,"event":"robots_check","url":"https://docs.python.org/3/library/urllib.parse.html"}
{"allowed":true,"crawl_delay_secs":null,"event":"robots_check","url":"https://docs.python.org/3/library/gzip.html"}
{"allowed":true,"crawl_delay_secs":null,"event":"robots_check","url":"https://docs.python.org/3/library/zipfile.html"}
{"allowed":true,"crawl_delay_secs":null,"event":"robots_check","url":"https://docs.python.org/3/library/tarfile.html"}
{"allowed":true,"crawl_delay_secs":null,"event":"robots_check","url":"https://docs.python.org/3/library/shutil.html"}
{"allowed":true,"crawl_delay_secs":null,"event":"robots_check","url":"https://docs.python.org/3/library/tempfile.html"}
{"allowed":true,"crawl_delay_secs":null,"event":"robots_check","url":"https://docs.python.org/3/library/os.html"}
{"allowed":true,"crawl_delay_secs":null,"event":"robots_check","url":"https://docs.python.org/3/library/sys.html"}
{"allowed":true,"crawl_delay_secs":null,"event":"robots_check","url":"https://docs.python.org/3/library/logging.html"}
{"allowed":true,"crawl_delay_secs":null,"event":"robots_check","url":"https://docs.python.org/3/library/unittest.html"}
{"allowed":true,"crawl_delay_secs":null,"event":"robots_check","url":"https://docs.python.org/3/library/re.html"}
{"allowed":true,"crawl_delay_secs":null,"event":"robots_check","url":"https://docs.python.org/3/library/collections.html"}
{"allowed":true,"crawl_delay_secs":null,"event":"robots_check","url":"https://docs.python.org/3/library/itertools.html"}
{"allowed":true,"crawl_delay_secs":null,"event":"robots_check","url":"https://docs.python.org/3/library/functools.html"}
{"allowed":true,"crawl_delay_secs":null,"event":"robots_check","url":"https://docs.python.org/3/library/dataclasses.html"}
{"allowed":true,"crawl_delay_secs":null,"event":"robots_check","url":"https://docs.python.org/3/library/typing.html"}
{"allowed":true,"crawl_delay_secs":null,"event":"robots_check","url":"https://docs.python.org/3/library/enum.html"}
{"allowed":true,"crawl_delay_secs":null,"event":"robots_check","url":"https://docs.python.org/3/library/contextlib.html"}
{"allowed":true,"crawl_delay_secs":null,"event":"robots_check","url":"https://docs.python.org/3/library/io.html"}
{"allowed":true,"crawl_delay_secs":null,"event":"robots_check","url":"https://docs.python.org/3/library/socket.html"}
2026-09-09T20:15:30.508134Z  INFO stract::crawler::worker: Processing job: Domain("python.org")
{"allowed":true,"crawl_delay_secs":null,"event":"robots_check","url":"https://www.raspberrypi.com/products/raspberry-pi-5/"}
{"allowed":true,"crawl_delay_secs":null,"event":"robots_check","url":"https://www.raspberrypi.com/products/raspberry-pi-4-model-b/"}
{"allowed":true,"crawl_delay_secs":null,"event":"robots_check","url":"https://www.raspberrypi.com/products/raspberry-pi-400/"}
{"allowed":true,"crawl_delay_secs":null,"event":"robots_check","url":"https://www.raspberrypi.com/products/raspberry-pi-zero-2-w/"}
{"allowed":true,"crawl_delay_secs":null,"event":"robots_check","url":"https://www.raspberrypi.com/products/raspberry-pi-pico/"}
{"allowed":true,"crawl_delay_secs":null,"event":"robots_check","url":"https://www.raspberrypi.com/products/raspberry-pi-pico-2/"}
{"allowed":true,"crawl_delay_secs":null,"event":"robots_check","url":"https://www.raspberrypi.com/products/raspberry-pi-camera-module-3/"}
{"allowed":true,"crawl_delay_secs":null,"event":"robots_check","url":"https://www.raspberrypi.com/products/raspberry-pi-global-shutter-camera/"}
{"allowed":true,"crawl_delay_secs":null,"event":"robots_check","url":"https://www.raspberrypi.com/products/raspberry-pi-ssd/"}
{"allowed":true,"crawl_delay_secs":null,"event":"robots_check","url":"https://www.raspberrypi.com/products/raspberry-pi-touch-display-2/"}
{"allowed":true,"crawl_delay_secs":null,"event":"robots_check","url":"https://www.raspberrypi.com/products/raspberry-pi-ai-kit/"}
2026-09-09T20:15:30.663964Z  INFO stract::crawler::worker: Processing job: Domain("raspberrypi.com")
{"event":"saved","number":15,"url":"https://docs.python.org/3/library/venv.html"}
{"event":"saved","number":16,"url":"https://science.nasa.gov/mars/facts/"}
{"event":"saved","number":17,"url":"https://docs.python.org/3/library/json.html"}
{"event":"saved","number":18,"url":"https://docs.python.org/3/library/subprocess.html"}
{"event":"saved","number":19,"url":"https://science.nasa.gov/saturn/facts/"}
{"event":"saved","number":20,"url":"https://docs.python.org/3/library/pathlib.html"}
{"event":"saved","number":21,"url":"https://developer.mozilla.org/en-US/docs/Web/JavaScript/Guide"}
{"event":"saved","number":22,"url":"https://science.nasa.gov/uranus/facts/"}
{"event":"saved","number":23,"url":"https://docs.python.org/3/library/csv.html"}
{"allowed":true,"crawl_delay_secs":null,"event":"robots_check","url":"https://doc.rust-lang.org/std/fs/fn.read_to_string.html"}
{"allowed":true,"crawl_delay_secs":null,"event":"robots_check","url":"https://doc.rust-lang.org/book/ch09-02-recoverable-errors-with-result.html"}
{"allowed":true,"crawl_delay_secs":null,"event":"robots_check","url":"https://doc.rust-lang.org/cargo/reference/publishing.html"}
{"event":"saved","number":24,"url":"https://docs.python.org/3/library/sqlite3.html"}
{"allowed":true,"crawl_delay_secs":null,"event":"robots_check","url":"https://blog.rust-lang.org/2026/09/07/rust-debugging-survey-2026-results/"}
{"allowed":true,"crawl_delay_secs":null,"event":"robots_check","url":"https://blog.rust-lang.org/2026/09/03/Rust-1.98.1/"}
{"allowed":true,"crawl_delay_secs":null,"event":"robots_check","url":"https://blog.rust-lang.org/2026/09/01/Rustup-1.29.1/"}
{"allowed":true,"crawl_delay_secs":null,"event":"robots_check","url":"https://blog.rust-lang.org/2026/08/26/announcing-our-first-maintainers-in-residence/"}
{"allowed":true,"crawl_delay_secs":null,"event":"robots_check","url":"https://blog.rust-lang.org/2026/08/21/enabling-next-solver-on-nightly/"}
{"allowed":true,"crawl_delay_secs":null,"event":"robots_check","url":"https://blog.rust-lang.org/2026/08/20/supply-chain-attack-on-arrayref/"}
{"allowed":true,"crawl_delay_secs":null,"event":"robots_check","url":"https://blog.rust-lang.org/2026/08/20/Rust-1.98.0/"}
{"allowed":true,"crawl_delay_secs":null,"event":"robots_check","url":"https://doc.rust-lang.org/book/ch01-01-installation.html"}
{"allowed":true,"crawl_delay_secs":null,"event":"robots_check","url":"https://doc.rust-lang.org/book/ch01-02-hello-world.html"}
{"allowed":true,"crawl_delay_secs":null,"event":"robots_check","url":"https://doc.rust-lang.org/book/ch01-03-hello-cargo.html"}
{"allowed":true,"crawl_delay_secs":null,"event":"robots_check","url":"https://doc.rust-lang.org/book/ch02-00-guessing-game-tutorial.html"}
{"allowed":true,"crawl_delay_secs":null,"event":"robots_check","url":"https://doc.rust-lang.org/book/ch03-01-variables-and-mutability.html"}
{"allowed":true,"crawl_delay_secs":null,"event":"robots_check","url":"https://doc.rust-lang.org/book/ch03-02-data-types.html"}
{"allowed":true,"crawl_delay_secs":null,"event":"robots_check","url":"https://doc.rust-lang.org/book/ch03-03-how-functions-work.html"}
{"allowed":true,"crawl_delay_secs":null,"event":"robots_check","url":"https://doc.rust-lang.org/book/ch03-05-control-flow.html"}
{"allowed":true,"crawl_delay_secs":null,"event":"robots_check","url":"https://doc.rust-lang.org/book/ch04-01-what-is-ownership.html"}
{"allowed":true,"crawl_delay_secs":null,"event":"robots_check","url":"https://doc.rust-lang.org/book/ch04-02-references-and-borrowing.html"}
{"allowed":true,"crawl_delay_secs":null,"event":"robots_check","url":"https://doc.rust-lang.org/book/ch04-03-slices.html"}
{"allowed":true,"crawl_delay_secs":null,"event":"robots_check","url":"https://doc.rust-lang.org/book/ch05-01-defining-structs.html"}
{"allowed":true,"crawl_delay_secs":null,"event":"robots_check","url":"https://doc.rust-lang.org/book/ch05-03-method-syntax.html"}
{"allowed":true,"crawl_delay_secs":null,"event":"robots_check","url":"https://doc.rust-lang.org/book/ch06-01-defining-an-enum.html"}
{"allowed":true,"crawl_delay_secs":null,"event":"robots_check","url":"https://doc.rust-lang.org/book/ch06-02-match.html"}
{"allowed":true,"crawl_delay_secs":null,"event":"robots_check","url":"https://doc.rust-lang.org/book/ch07-01-packages-and-crates.html"}
{"allowed":true,"crawl_delay_secs":null,"event":"robots_check","url":"https://doc.rust-lang.org/book/ch08-01-vectors.html"}
{"allowed":true,"crawl_delay_secs":null,"event":"robots_check","url":"https://doc.rust-lang.org/book/ch08-02-strings.html"}
{"allowed":true,"crawl_delay_secs":null,"event":"robots_check","url":"https://doc.rust-lang.org/book/ch08-03-hash-maps.html"}
{"allowed":true,"crawl_delay_secs":null,"event":"robots_check","url":"https://doc.rust-lang.org/book/ch10-01-syntax.html"}
{"allowed":true,"crawl_delay_secs":null,"event":"robots_check","url":"https://doc.rust-lang.org/book/ch10-02-traits.html"}
{"allowed":true,"crawl_delay_secs":null,"event":"robots_check","url":"https://doc.rust-lang.org/book/ch10-03-lifetime-syntax.html"}
{"allowed":true,"crawl_delay_secs":null,"event":"robots_check","url":"https://doc.rust-lang.org/book/ch11-01-writing-tests.html"}
{"allowed":true,"crawl_delay_secs":null,"event":"robots_check","url":"https://doc.rust-lang.org/book/ch12-00-an-io-project.html"}
{"allowed":true,"crawl_delay_secs":null,"event":"robots_check","url":"https://doc.rust-lang.org/book/ch13-01-closures.html"}
{"allowed":true,"crawl_delay_secs":null,"event":"robots_check","url":"https://doc.rust-lang.org/book/ch13-02-iterators.html"}
{"allowed":true,"crawl_delay_secs":null,"event":"robots_check","url":"https://doc.rust-lang.org/book/ch15-01-box.html"}
{"allowed":true,"crawl_delay_secs":null,"event":"robots_check","url":"https://doc.rust-lang.org/book/ch16-01-threads.html"}
{"allowed":true,"crawl_delay_secs":null,"event":"robots_check","url":"https://doc.rust-lang.org/book/ch16-03-shared-state.html"}
{"allowed":true,"crawl_delay_secs":null,"event":"robots_check","url":"https://doc.rust-lang.org/book/ch17-01-futures-and-syntax.html"}
2026-09-09T20:15:46.618371Z  INFO stract::crawler::worker: Processing job: Domain("rust-lang.org")
{"event":"saved","number":25,"url":"https://docs.python.org/3/library/argparse.html"}
{"event":"saved","number":26,"url":"https://science.nasa.gov/sun/facts/"}
{"event":"saved","number":27,"url":"https://doc.rust-lang.org/std/fs/fn.read_to_string.html"}
{"event":"saved","number":28,"url":"https://docs.python.org/3/library/asyncio.html"}
{"event":"saved","number":29,"url":"https://science.nasa.gov/moon/facts/"}
{"event":"saved","number":30,"url":"https://docs.python.org/3/library/concurrent.futures.html"}
{"event":"saved","number":31,"url":"https://doc.rust-lang.org/book/ch09-02-recoverable-errors-with-result.html"}
{"event":"saved","number":32,"url":"https://science.nasa.gov/solar-system/"}
{"event":"saved","number":33,"url":"https://docs.python.org/3/library/threading.html"}
{"event":"saved","number":34,"url":"https://doc.rust-lang.org/cargo/reference/publishing.html"}
{"event":"saved","number":35,"url":"https://docs.python.org/3/library/multiprocessing.html"}
{"event":"saved","number":36,"url":"https://blog.rust-lang.org/2026/09/07/rust-debugging-survey-2026-results/"}
{"event":"saved","number":37,"url":"https://docs.python.org/3/library/datetime.html"}
{"event":"saved","number":38,"url":"https://blog.rust-lang.org/2026/09/03/Rust-1.98.1/"}
{"event":"saved","number":39,"url":"https://science.nasa.gov/universe/"}
{"allowed":false,"crawl_delay_secs":null,"event":"robots_check","url":"https://electronics.sony.com/audio/headphones/headband/p/wh1000xm5-b"}
2026-09-09T20:16:00.463850Z  INFO stract::crawler::worker: Processing job: Domain("sony.com")
{"event":"saved","number":40,"url":"https://docs.python.org/3/library/zoneinfo.html"}
{"event":"saved","number":41,"url":"https://blog.rust-lang.org/2026/09/01/Rustup-1.29.1/"}
{"event":"saved","number":42,"url":"https://docs.python.org/3/library/time.html"}
{"allowed":true,"crawl_delay_secs":10.0,"event":"robots_check","url":"https://www.un.org/en/about-us/history-of-the-un"}
2026-09-09T20:16:03.097120Z  INFO stract::crawler::worker: Processing job: Domain("un.org")
{"event":"saved","number":43,"url":"https://blog.rust-lang.org/2026/08/26/announcing-our-first-maintainers-in-residence/"}
{"event":"saved","number":44,"url":"https://docs.python.org/3/library/math.html"}
{"allowed":false,"crawl_delay_secs":null,"event":"robots_check","url":"https://www.steamdeck.com/en/oled"}
2026-09-09T20:16:05.483435Z  INFO stract::crawler::worker: Processing job: Domain("steamdeck.com")
{"event":"saved","number":45,"url":"https://blog.rust-lang.org/2026/08/21/enabling-next-solver-on-nightly/"}
{"event":"saved","number":46,"url":"https://docs.python.org/3/library/statistics.html"}
{"event":"saved","number":47,"url":"https://blog.rust-lang.org/2026/08/20/supply-chain-attack-on-arrayref/"}
{"allowed":true,"crawl_delay_secs":null,"event":"robots_check","url":"https://en.wikipedia.org/wiki/Canberra"}
{"allowed":true,"crawl_delay_secs":null,"event":"robots_check","url":"https://en.wikipedia.org/wiki/Albert_Einstein"}
{"allowed":true,"crawl_delay_secs":null,"event":"robots_check","url":"https://en.wikipedia.org/wiki/Heart"}
{"allowed":true,"crawl_delay_secs":null,"event":"robots_check","url":"https://en.wikipedia.org/wiki/Mount_Everest"}
{"allowed":true,"crawl_delay_secs":null,"event":"robots_check","url":"https://en.wikipedia.org/wiki/Gold"}
{"allowed":true,"crawl_delay_secs":null,"event":"robots_check","url":"https://en.wikipedia.org/wiki/Eiffel_Tower"}
{"allowed":true,"crawl_delay_secs":null,"event":"robots_check","url":"https://en.wikipedia.org/wiki/Mona_Lisa"}
{"allowed":true,"crawl_delay_secs":null,"event":"robots_check","url":"https://en.wikipedia.org/wiki/Pillars_of_Creation"}
{"allowed":true,"crawl_delay_secs":null,"event":"robots_check","url":"https://en.wikipedia.org/wiki/Grand_Canyon"}
{"allowed":true,"crawl_delay_secs":null,"event":"robots_check","url":"https://en.wikipedia.org/wiki/Cherry_blossom"}
{"allowed":true,"crawl_delay_secs":null,"event":"robots_check","url":"https://en.wikipedia.org/wiki/Red_panda"}
{"allowed":true,"crawl_delay_secs":null,"event":"robots_check","url":"https://en.wikipedia.org/wiki/Sydney_Opera_House"}
{"allowed":true,"crawl_delay_secs":null,"event":"robots_check","url":"https://en.wikipedia.org/wiki/Rosetta_Stone"}
{"allowed":true,"crawl_delay_secs":null,"event":"robots_check","url":"https://en.wikipedia.org/wiki/Aurora"}
{"allowed":true,"crawl_delay_secs":null,"event":"robots_check","url":"https://en.wikipedia.org/wiki/James_Webb_Space_Telescope"}
{"allowed":true,"crawl_delay_secs":null,"event":"robots_check","url":"https://en.wikipedia.org/wiki/Ada_Lovelace"}
{"allowed":true,"crawl_delay_secs":null,"event":"robots_check","url":"https://en.wikipedia.org/wiki/Alan_Turing"}
{"allowed":true,"crawl_delay_secs":null,"event":"robots_check","url":"https://en.wikipedia.org/wiki/Charles_Darwin"}
{"allowed":true,"crawl_delay_secs":null,"event":"robots_check","url":"https://en.wikipedia.org/wiki/Marie_Curie"}
{"allowed":true,"crawl_delay_secs":null,"event":"robots_check","url":"https://en.wikipedia.org/wiki/Isaac_Newton"}
{"allowed":true,"crawl_delay_secs":null,"event":"robots_check","url":"https://en.wikipedia.org/wiki/Paris"}
{"allowed":true,"crawl_delay_secs":null,"event":"robots_check","url":"https://en.wikipedia.org/wiki/London"}
{"allowed":true,"crawl_delay_secs":null,"event":"robots_check","url":"https://en.wikipedia.org/wiki/Tokyo"}
{"allowed":true,"crawl_delay_secs":null,"event":"robots_check","url":"https://en.wikipedia.org/wiki/Berlin"}
{"allowed":true,"crawl_delay_secs":null,"event":"robots_check","url":"https://en.wikipedia.org/wiki/Rome"}
{"allowed":true,"crawl_delay_secs":null,"event":"robots_check","url":"https://en.wikipedia.org/wiki/Solar_System"}
{"allowed":true,"crawl_delay_secs":null,"event":"robots_check","url":"https://en.wikipedia.org/wiki/Earth"}
{"allowed":true,"crawl_delay_secs":null,"event":"robots_check","url":"https://en.wikipedia.org/wiki/Mars"}
{"allowed":true,"crawl_delay_secs":null,"event":"robots_check","url":"https://en.wikipedia.org/wiki/Jupiter"}
{"allowed":true,"crawl_delay_secs":null,"event":"robots_check","url":"https://en.wikipedia.org/wiki/Saturn"}
{"allowed":true,"crawl_delay_secs":null,"event":"robots_check","url":"https://en.wikipedia.org/wiki/Uranus"}
{"allowed":true,"crawl_delay_secs":null,"event":"robots_check","url":"https://en.wikipedia.org/wiki/Neptune"}
{"allowed":true,"crawl_delay_secs":null,"event":"robots_check","url":"https://en.wikipedia.org/wiki/Sun"}
{"allowed":true,"crawl_delay_secs":null,"event":"robots_check","url":"https://en.wikipedia.org/wiki/Photosynthesis"}
{"allowed":true,"crawl_delay_secs":null,"event":"robots_check","url":"https://en.wikipedia.org/wiki/Water"}
{"allowed":true,"crawl_delay_secs":null,"event":"robots_check","url":"https://en.wikipedia.org/wiki/Oxygen"}
{"allowed":true,"crawl_delay_secs":null,"event":"robots_check","url":"https://en.wikipedia.org/wiki/Carbon_Dioxide"}
{"allowed":true,"crawl_delay_secs":null,"event":"robots_check","url":"https://en.wikipedia.org/wiki/DNA"}
{"allowed":true,"crawl_delay_secs":null,"event":"robots_check","url":"https://en.wikipedia.org/wiki/Evolution"}
{"allowed":true,"crawl_delay_secs":null,"event":"robots_check","url":"https://en.wikipedia.org/wiki/Climate_change"}
{"allowed":true,"crawl_delay_secs":null,"event":"robots_check","url":"https://en.wikipedia.org/wiki/Great_Barrier_Reef"}
{"allowed":true,"crawl_delay_secs":null,"event":"robots_check","url":"https://en.wikipedia.org/wiki/Taj_Mahal"}
{"allowed":true,"crawl_delay_secs":null,"event":"robots_check","url":"https://en.wikipedia.org/wiki/Stonehenge"}
{"allowed":true,"crawl_delay_secs":null,"event":"robots_check","url":"https://en.wikipedia.org/wiki/Colosseum"}
{"allowed":true,"crawl_delay_secs":null,"event":"robots_check","url":"https://en.wikipedia.org/wiki/Machu_Picchu"}
{"allowed":true,"crawl_delay_secs":null,"event":"robots_check","url":"https://en.wikipedia.org/wiki/Blue_whale"}
{"allowed":true,"crawl_delay_secs":null,"event":"robots_check","url":"https://en.wikipedia.org/wiki/Tiger"}
{"allowed":true,"crawl_delay_secs":null,"event":"robots_check","url":"https://en.wikipedia.org/wiki/Lion"}
{"allowed":true,"crawl_delay_secs":null,"event":"robots_check","url":"https://en.wikipedia.org/wiki/Giraffe"}
{"allowed":true,"crawl_delay_secs":null,"event":"robots_check","url":"https://en.wikipedia.org/wiki/Elephant"}
{"allowed":true,"crawl_delay_secs":null,"event":"robots_check","url":"https://en.wikipedia.org/wiki/Penguin"}
{"allowed":true,"crawl_delay_secs":null,"event":"robots_check","url":"https://en.wikipedia.org/wiki/Volcano"}
{"allowed":true,"crawl_delay_secs":null,"event":"robots_check","url":"https://en.wikipedia.org/wiki/Rainbow"}
{"allowed":true,"crawl_delay_secs":null,"event":"robots_check","url":"https://en.wikipedia.org/wiki/Waterfall"}
2026-09-09T20:16:08.115923Z  INFO stract::crawler::worker: Processing job: Domain("wikipedia.org")
{"event":"saved","number":48,"url":"https://docs.python.org/3/library/random.html"}
{"event":"saved","number":49,"url":"https://blog.rust-lang.org/2026/08/20/Rust-1.98.0/"}
{"event":"saved","number":50,"url":"https://docs.python.org/3/library/secrets.html"}
{"event":"saved","number":51,"url":"https://doc.rust-lang.org/book/ch01-01-installation.html"}
{"event":"saved","number":52,"url":"https://en.wikipedia.org/wiki/Canberra"}
{"event":"saved","number":53,"url":"https://docs.python.org/3/library/hashlib.html"}
{"event":"saved","number":54,"url":"https://www.un.org/en/about-us/history-of-the-un"}
{"event":"saved","number":55,"url":"https://doc.rust-lang.org/book/ch01-02-hello-world.html"}
{"event":"saved","number":56,"url":"https://en.wikipedia.org/wiki/Albert_Einstein"}
{"event":"saved","number":57,"url":"https://docs.python.org/3/library/hmac.html"}
{"allowed":true,"crawl_delay_secs":null,"event":"robots_check","url":"https://www.gov.uk/renew-adult-passport"}
{"allowed":true,"crawl_delay_secs":null,"event":"robots_check","url":"https://www.gov.uk/apply-first-adult-passport"}
{"allowed":true,"crawl_delay_secs":null,"event":"robots_check","url":"https://www.gov.uk/register-to-vote"}
{"allowed":true,"crawl_delay_secs":null,"event":"robots_check","url":"https://www.gov.uk/check-uk-visa"}
{"allowed":true,"crawl_delay_secs":null,"event":"robots_check","url":"https://www.gov.uk/foreign-travel-advice"}
{"allowed":true,"crawl_delay_secs":null,"event":"robots_check","url":"https://www.gov.uk/bank-holidays"}
{"allowed":true,"crawl_delay_secs":null,"event":"robots_check","url":"https://www.gov.uk/national-minimum-wage-rates"}
{"allowed":true,"crawl_delay_secs":null,"event":"robots_check","url":"https://www.gov.uk/income-tax-rates"}
{"allowed":true,"crawl_delay_secs":null,"event":"robots_check","url":"https://www.gov.uk/apply-online-to-replace-a-driving-licence"}
{"allowed":true,"crawl_delay_secs":null,"event":"robots_check","url":"https://www.gov.uk/vehicle-tax"}
{"allowed":true,"crawl_delay_secs":null,"event":"robots_check","url":"https://www.gov.uk/check-mot-history"}
{"allowed":true,"crawl_delay_secs":null,"event":"robots_check","url":"https://www.gov.uk/check-mot-status"}
{"allowed":true,"crawl_delay_secs":null,"event":"robots_check","url":"https://www.gov.uk/apply-provisional-driving-licence"}
{"allowed":true,"crawl_delay_secs":null,"event":"robots_check","url":"https://www.gov.uk/government/organisations"}
{"allowed":true,"crawl_delay_secs":null,"event":"robots_check","url":"https://www.gov.uk/government/how-government-works"}
{"allowed":true,"crawl_delay_secs":null,"event":"robots_check","url":"https://www.gov.uk/government/get-involved"}
{"allowed":true,"crawl_delay_secs":null,"event":"robots_check","url":"https://www.gov.uk/browse/housing-local-services"}
{"allowed":true,"crawl_delay_secs":null,"event":"robots_check","url":"https://www.gov.uk/browse/working"}
{"allowed":true,"crawl_delay_secs":null,"event":"robots_check","url":"https://www.gov.uk/browse/education"}
{"allowed":true,"crawl_delay_secs":null,"event":"robots_check","url":"https://www.gov.uk/browse/business"}
2026-09-09T20:16:16.883515Z  INFO stract::crawler::worker: Processing job: Domain("www.gov.uk")
{"event":"saved","number":58,"url":"https://doc.rust-lang.org/book/ch01-03-hello-cargo.html"}
{"event":"saved","number":59,"url":"https://docs.python.org/3/library/ssl.html"}
{"event":"saved","number":60,"url":"https://en.wikipedia.org/wiki/Heart"}
{"event":"saved","number":61,"url":"https://doc.rust-lang.org/book/ch02-00-guessing-game-tutorial.html"}
{"event":"saved","number":62,"url":"https://www.gov.uk/renew-adult-passport"}
{"event":"saved","number":63,"url":"https://docs.python.org/3/library/http.client.html"}
{"event":"saved","number":64,"url":"https://en.wikipedia.org/wiki/Mount_Everest"}
{"event":"saved","number":65,"url":"https://doc.rust-lang.org/book/ch03-01-variables-and-mutability.html"}
{"event":"saved","number":66,"url":"https://docs.python.org/3/library/urllib.request.html"}
{"event":"saved","number":67,"url":"https://www.gov.uk/apply-first-adult-passport"}
{"event":"saved","number":68,"url":"https://en.wikipedia.org/wiki/Gold"}
{"event":"saved","number":69,"url":"https://doc.rust-lang.org/book/ch03-02-data-types.html"}
{"event":"saved","number":70,"url":"https://docs.python.org/3/library/urllib.parse.html"}
{"event":"saved","number":71,"url":"https://www.gov.uk/register-to-vote"}
{"event":"saved","number":72,"url":"https://doc.rust-lang.org/book/ch03-03-how-functions-work.html"}
{"event":"saved","number":73,"url":"https://en.wikipedia.org/wiki/Eiffel_Tower"}
{"event":"saved","number":74,"url":"https://docs.python.org/3/library/gzip.html"}
{"event":"saved","number":75,"url":"https://www.gov.uk/check-uk-visa"}
{"event":"saved","number":76,"url":"https://doc.rust-lang.org/book/ch03-05-control-flow.html"}
{"event":"saved","number":77,"url":"https://en.wikipedia.org/wiki/Mona_Lisa"}
{"event":"saved","number":78,"url":"https://docs.python.org/3/library/zipfile.html"}
{"event":"saved","number":79,"url":"https://www.gov.uk/foreign-travel-advice"}
{"event":"saved","number":80,"url":"https://doc.rust-lang.org/book/ch04-01-what-is-ownership.html"}
{"event":"saved","number":81,"url":"https://en.wikipedia.org/wiki/Pillars_of_Creation"}
{"event":"saved","number":82,"url":"https://docs.python.org/3/library/tarfile.html"}
{"event":"saved","number":83,"url":"https://doc.rust-lang.org/book/ch04-02-references-and-borrowing.html"}
{"event":"saved","number":84,"url":"https://www.gov.uk/bank-holidays"}
{"event":"saved","number":85,"url":"https://docs.python.org/3/library/shutil.html"}
{"event":"saved","number":86,"url":"https://en.wikipedia.org/wiki/Grand_Canyon"}
{"event":"saved","number":87,"url":"https://doc.rust-lang.org/book/ch04-03-slices.html"}
{"event":"saved","number":88,"url":"https://www.gov.uk/national-minimum-wage-rates"}
{"event":"saved","number":89,"url":"https://docs.python.org/3/library/tempfile.html"}
{"event":"saved","number":90,"url":"https://en.wikipedia.org/wiki/Cherry_blossom"}
{"event":"saved","number":91,"url":"https://doc.rust-lang.org/book/ch05-01-defining-structs.html"}
{"event":"saved","number":92,"url":"https://www.gov.uk/income-tax-rates"}
{"event":"saved","number":93,"url":"https://docs.python.org/3/library/os.html"}
{"event":"saved","number":94,"url":"https://doc.rust-lang.org/book/ch05-03-method-syntax.html"}
{"event":"saved","number":95,"url":"https://en.wikipedia.org/wiki/Red_panda"}
{"event":"saved","number":96,"url":"https://doc.rust-lang.org/book/ch06-01-defining-an-enum.html"}
{"event":"saved","number":97,"url":"https://docs.python.org/3/library/sys.html"}
{"event":"saved","number":98,"url":"https://en.wikipedia.org/wiki/Sydney_Opera_House"}
{"event":"saved","number":99,"url":"https://doc.rust-lang.org/book/ch06-02-match.html"}
{"event":"saved","number":100,"url":"https://www.gov.uk/vehicle-tax"}
{"event":"saved","number":101,"url":"https://docs.python.org/3/library/logging.html"}
{"event":"saved","number":102,"url":"https://en.wikipedia.org/wiki/Rosetta_Stone"}
{"event":"saved","number":103,"url":"https://www.gov.uk/check-mot-history"}
{"event":"saved","number":104,"url":"https://doc.rust-lang.org/book/ch07-01-packages-and-crates.html"}
{"event":"saved","number":105,"url":"https://docs.python.org/3/library/unittest.html"}
{"event":"saved","number":106,"url":"https://en.wikipedia.org/wiki/Aurora"}
{"event":"saved","number":107,"url":"https://www.gov.uk/check-mot-status"}
{"event":"saved","number":108,"url":"https://doc.rust-lang.org/book/ch08-01-vectors.html"}
{"event":"saved","number":109,"url":"https://docs.python.org/3/library/re.html"}
{"event":"saved","number":110,"url":"https://en.wikipedia.org/wiki/James_Webb_Space_Telescope"}
{"event":"saved","number":111,"url":"https://docs.python.org/3/library/collections.html"}
{"event":"saved","number":112,"url":"https://doc.rust-lang.org/book/ch08-02-strings.html"}
{"event":"saved","number":113,"url":"https://en.wikipedia.org/wiki/Ada_Lovelace"}
{"event":"saved","number":114,"url":"https://docs.python.org/3/library/itertools.html"}
{"event":"saved","number":115,"url":"https://doc.rust-lang.org/book/ch08-03-hash-maps.html"}
{"event":"saved","number":116,"url":"https://www.gov.uk/government/organisations"}
{"event":"saved","number":117,"url":"https://en.wikipedia.org/wiki/Alan_Turing"}
{"event":"saved","number":118,"url":"https://docs.python.org/3/library/functools.html"}
{"event":"saved","number":119,"url":"https://doc.rust-lang.org/book/ch10-01-syntax.html"}
{"event":"saved","number":120,"url":"https://www.gov.uk/government/how-government-works"}
{"event":"saved","number":121,"url":"https://en.wikipedia.org/wiki/Charles_Darwin"}
{"event":"saved","number":122,"url":"https://docs.python.org/3/library/dataclasses.html"}
{"event":"saved","number":123,"url":"https://doc.rust-lang.org/book/ch10-02-traits.html"}
{"event":"saved","number":124,"url":"https://www.gov.uk/government/get-involved"}
{"event":"saved","number":125,"url":"https://en.wikipedia.org/wiki/Marie_Curie"}
{"event":"saved","number":126,"url":"https://docs.python.org/3/library/typing.html"}
{"event":"saved","number":127,"url":"https://doc.rust-lang.org/book/ch10-03-lifetime-syntax.html"}
{"event":"saved","number":128,"url":"https://www.gov.uk/browse/housing-local-services"}
{"event":"saved","number":129,"url":"https://docs.python.org/3/library/enum.html"}
{"event":"saved","number":130,"url":"https://en.wikipedia.org/wiki/Isaac_Newton"}
{"event":"saved","number":131,"url":"https://doc.rust-lang.org/book/ch11-01-writing-tests.html"}
{"event":"saved","number":132,"url":"https://www.gov.uk/browse/working"}
{"event":"saved","number":133,"url":"https://docs.python.org/3/library/contextlib.html"}
{"event":"saved","number":134,"url":"https://doc.rust-lang.org/book/ch12-00-an-io-project.html"}
{"event":"saved","number":135,"url":"https://en.wikipedia.org/wiki/Paris"}
{"event":"saved","number":136,"url":"https://docs.python.org/3/library/io.html"}
{"event":"saved","number":137,"url":"https://www.gov.uk/browse/education"}
{"event":"saved","number":138,"url":"https://doc.rust-lang.org/book/ch13-01-closures.html"}
{"event":"saved","number":139,"url":"https://docs.python.org/3/library/socket.html"}
{"event":"saved","number":140,"url":"https://www.gov.uk/browse/business"}
{"event":"saved","number":141,"url":"https://en.wikipedia.org/wiki/London"}
{"event":"saved","number":142,"url":"https://doc.rust-lang.org/book/ch13-02-iterators.html"}
{"event":"saved","number":143,"url":"https://doc.rust-lang.org/book/ch15-01-box.html"}
{"event":"saved","number":144,"url":"https://en.wikipedia.org/wiki/Tokyo"}
{"event":"saved","number":145,"url":"https://doc.rust-lang.org/book/ch16-01-threads.html"}
{"event":"saved","number":146,"url":"https://en.wikipedia.org/wiki/Berlin"}
{"event":"saved","number":147,"url":"https://doc.rust-lang.org/book/ch16-03-shared-state.html"}
{"event":"saved","number":148,"url":"https://en.wikipedia.org/wiki/Rome"}
{"event":"saved","number":149,"url":"https://doc.rust-lang.org/book/ch17-01-futures-and-syntax.html"}
{"event":"saved","number":150,"url":"https://en.wikipedia.org/wiki/Solar_System"}
{"event":"saved","number":151,"url":"https://en.wikipedia.org/wiki/Earth"}
{"event":"saved","number":152,"url":"https://en.wikipedia.org/wiki/Mars"}
{"event":"saved","number":153,"url":"https://en.wikipedia.org/wiki/Jupiter"}
{"event":"saved","number":154,"url":"https://en.wikipedia.org/wiki/Saturn"}
{"event":"saved","number":155,"url":"https://en.wikipedia.org/wiki/Uranus"}
{"event":"saved","number":156,"url":"https://en.wikipedia.org/wiki/Neptune"}
{"event":"saved","number":157,"url":"https://en.wikipedia.org/wiki/Sun"}
{"event":"saved","number":158,"url":"https://en.wikipedia.org/wiki/Photosynthesis"}
{"event":"saved","number":159,"url":"https://en.wikipedia.org/wiki/Water"}
{"event":"saved","number":160,"url":"https://en.wikipedia.org/wiki/Oxygen"}
{"event":"saved","number":161,"url":"https://en.wikipedia.org/wiki/Carbon_Dioxide"}
{"event":"saved","number":162,"url":"https://en.wikipedia.org/wiki/DNA"}
{"event":"saved","number":163,"url":"https://en.wikipedia.org/wiki/Evolution"}
{"event":"saved","number":164,"url":"https://en.wikipedia.org/wiki/Climate_change"}
{"event":"saved","number":165,"url":"https://en.wikipedia.org/wiki/Great_Barrier_Reef"}
{"event":"saved","number":166,"url":"https://en.wikipedia.org/wiki/Taj_Mahal"}
{"event":"saved","number":167,"url":"https://en.wikipedia.org/wiki/Stonehenge"}
{"event":"saved","number":168,"url":"https://en.wikipedia.org/wiki/Colosseum"}
{"event":"saved","number":169,"url":"https://en.wikipedia.org/wiki/Machu_Picchu"}
{"event":"saved","number":170,"url":"https://en.wikipedia.org/wiki/Blue_whale"}
{"event":"saved","number":171,"url":"https://en.wikipedia.org/wiki/Tiger"}
{"event":"saved","number":172,"url":"https://en.wikipedia.org/wiki/Lion"}
{"event":"saved","number":173,"url":"https://en.wikipedia.org/wiki/Giraffe"}
{"event":"saved","number":174,"url":"https://en.wikipedia.org/wiki/Elephant"}
{"event":"saved","number":175,"url":"https://en.wikipedia.org/wiki/Penguin"}
{"event":"saved","number":176,"url":"https://en.wikipedia.org/wiki/Volcano"}
{"event":"saved","number":177,"url":"https://en.wikipedia.org/wiki/Rainbow"}
{"event":"saved","number":178,"url":"https://en.wikipedia.org/wiki/Waterfall"}
{"event":"crawl_finished","pages":178,"warc_bytes":13640930}
